// Jest Snapshot v1, https://goo.gl/fbAQLP

exports[`<Header /> Should render correctly 1`] = `
<header
  className="flex items-center justify-between px4"
>
  <h1
    className="h1"
  >
    <span
      role="img"
    >
      üç≤
    </span>
     My Recipes
  </h1>
  <nav>
    <a
      aria-current="page"
      className="p1 mx2 text-decoration-none rounded bg-white"
      href="/"
      onClick={[Function]}
      style={Object {}}
    >
      Home
    </a>
    <a
      aria-current={null}
      className="p1 mx2 text-decoration-none rounded"
      href="/favorites"
      onClick={[Function]}
    >
      Favorites
    </a>
  </nav>
</header>
`;
